// Jest Snapshot v1, https://goo.gl/fbAQLP

exports[`takes a string or hash 1`] = `"orange"`;
